error: docs for function returning `Result` missing `# Errors` section
  --> $DIR/doc_errors.rs:6:1
   |
LL | / pub fn pub_fn_missing_errors_header() -> Result<(), ()> {
LL | |     unimplemented!();
LL | | }
   | |_^
   |
   = note: `-D clippy::missing-errors-doc` implied by `-D warnings`

error: docs for function returning `Result` missing `# Errors` section
  --> $DIR/doc_errors.rs:10:1
   |
LL | / pub async fn async_pub_fn_missing_errors_header() -> Result<(), ()> {
LL | |     unimplemented!();
LL | | }
   | |_^

error: docs for function returning `Result` missing `# Errors` section
  --> $DIR/doc_errors.rs:15:1
   |
LL | / pub fn pub_fn_returning_io_result() -> io::Result<()> {
LL | |     unimplemented!();
LL | | }
   | |_^

error: docs for function returning `Result` missing `# Errors` section
  --> $DIR/doc_errors.rs:20:1
   |
LL | / pub async fn async_pub_fn_returning_io_result() -> io::Result<()> {
LL | |     unimplemented!();
LL | | }
   | |_^

error: docs for function returning `Result` missing `# Errors` section
  --> $DIR/doc_errors.rs:50:5
   |
LL | /     pub fn pub_method_missing_errors_header() -> Result<(), ()> {
LL | |         unimplemented!();
LL | |     }
   | |_____^

error: docs for function returning `Result` missing `# Errors` section
  --> $DIR/doc_errors.rs:55:5
   |
LL | /     pub async fn async_pub_method_missing_errors_header() -> Result<(), ()> {
LL | |         unimplemented!();
LL | |     }
   | |_____^

error: docs for function returning `Result` missing `# Errors` section
  --> $DIR/doc_errors.rs:84:5
   |
LL |     fn trait_method_missing_errors_header() -> Result<(), ()>;
   |     ^^^^^^^^^^^^^^^^^^^^^^^^^^^^^^^^^^^^^^^^^^^^^^^^^^^^^^^^^^

error: aborting due to 7 previous errors

