error: indexing may panic.
  --> $DIR/indexing_slicing_index.rs:10:5
   |
LL |     x[index];
   |     ^^^^^^^^
   |
   = note: `-D clippy::indexing-slicing` implied by `-D warnings`
   = help: Consider using `.get(n)` or `.get_mut(n)` instead

error: indexing may panic.
  --> $DIR/indexing_slicing_index.rs:18:5
   |
LL |     y[0];
   |     ^^^^
   |
   = help: Consider using `.get(n)` or `.get_mut(n)` instead

error: indexing may panic.
  --> $DIR/indexing_slicing_index.rs:21:5
   |
LL |     v[0];
   |     ^^^^
   |
   = help: Consider using `.get(n)` or `.get_mut(n)` instead

error: indexing may panic.
  --> $DIR/indexing_slicing_index.rs:22:5
   |
LL |     v[10];
   |     ^^^^^
   |
   = help: Consider using `.get(n)` or `.get_mut(n)` instead

error: indexing may panic.
  --> $DIR/indexing_slicing_index.rs:23:5
   |
LL |     v[1 << 3];
   |     ^^^^^^^^^
   |
   = help: Consider using `.get(n)` or `.get_mut(n)` instead

error: indexing may panic.
  --> $DIR/indexing_slicing_index.rs:29:5
   |
LL |     v[N];
   |     ^^^^
   |
   = help: Consider using `.get(n)` or `.get_mut(n)` instead

error: indexing may panic.
  --> $DIR/indexing_slicing_index.rs:30:5
   |
LL |     v[M];
   |     ^^^^
   |
   = help: Consider using `.get(n)` or `.get_mut(n)` instead

error: aborting due to 7 previous errors

