{"module":{"inner":{"lo":0,"hi":0},"unsafety":"No","items":[{"attrs":[{"kind":{"variant":"Normal","fields":[{"path":{"span":{"lo":0,"hi":0},"segments":[{"ident":{"name":"prelude_import","span":{"lo":0,"hi":0}},"id":0,"args":null}],"tokens":null},"args":"Empty","tokens":null}]},"id":null,"style":"Outer","span":{"lo":0,"hi":0}}],"id":0,"span":{"lo":0,"hi":0},"vis":{"kind":"Inherited","span":{"lo":0,"hi":0},"tokens":null},"ident":{"name":"","span":{"lo":0,"hi":0}},"kind":{"variant":"Use","fields":[{"prefix":{"span":{"lo":0,"hi":0},"segments":[{"ident":{"name":"{{root}}","span":{"lo":0,"hi":0}},"id":0,"args":null},{"ident":{"name":"std","span":{"lo":0,"hi":0}},"id":0,"args":null},{"ident":{"name":"prelude","span":{"lo":0,"hi":0}},"id":0,"args":null},{"ident":{"name":"v1","span":{"lo":0,"hi":0}},"id":0,"args":null}],"tokens":null},"kind":"Glob","span":{"lo":0,"hi":0}}]},"tokens":null},{"attrs":[{"kind":{"variant":"Normal","fields":[{"path":{"span":{"lo":0,"hi":0},"segments":[{"ident":{"name":"macro_use","span":{"lo":0,"hi":0}},"id":0,"args":null}],"tokens":null},"args":"Empty","tokens":null}]},"id":null,"style":"Outer","span":{"lo":0,"hi":0}}],"id":0,"span":{"lo":0,"hi":0},"vis":{"kind":"Inherited","span":{"lo":0,"hi":0},"tokens":null},"ident":{"name":"std","span":{"lo":0,"hi":0}},"kind":{"variant":"ExternCrate","fields":[null]},"tokens":null},{"attrs":[],"id":0,"span":{"lo":0,"hi":0},"vis":{"kind":"Inherited","span":{"lo":0,"hi":0},"tokens":null},"ident":{"name":"core","span":{"lo":0,"hi":0}},"kind":{"variant":"ExternCrate","fields":[null]},"tokens":null}],"inline":true},"attrs":[{"kind":{"variant":"Normal","fields":[{"path":{"span":{"lo":0,"hi":0},"segments":[{"ident":{"name":"crate_type","span":{"lo":0,"hi":0}},"id":0,"args":null}],"tokens":null},"args":{"variant":"Eq","fields":[{"lo":0,"hi":0},{"0":[[{"variant":"Token","fields":[{"kind":{"variant":"Literal","fields":[{"kind":"Str","symbol":"lib","suffix":null}]},"span":{"lo":0,"hi":0}}]},"Alone"]]}]},"tokens":null}]},"id":null,"style":"Inner","span":{"lo":0,"hi":0}}],"span":{"lo":0,"hi":0},"proc_macros":[]}
