error: fatal error triggered by #[rustc_error]
  --> $DIR/feature-gate.rs:16:1
   |
LL | fn main() {}
   | ^^^^^^^^^

error: aborting due to previous error

