error: reached the type-length limit while instantiating `std::mem::drop::<Option<((((((G,... G), (G, G, G), (G, G, G))))))>>`
  --> $SRC_DIR/core/src/mem/mod.rs:LL:COL
   |
LL | pub fn drop<T>(_x: T) {}
   | ^^^^^^^^^^^^^^^^^^^^^^^^
   |
   = note: consider adding a `#![type_length_limit="1094"]` attribute to your crate

error: aborting due to previous error

