thread 'main' panicked at '42-panicking from libstd', $DIR/panic2.rs:2:5
